// Jest Snapshot v1, https://goo.gl/fbAQLP

exports[`renders correctly when there are no items 1`] = `
<div>
  <h1>
    The navBar
  </h1>
  <button
    className="div-button-close"
    onClick={[Function]}
  >
    Click me
  </button>
</div>
`;
